Microchip MPLAB XC8 Compiler V2.41

Linker command line:

-W-3 \
  --edf=C:\Program Files\Microchip\xc8\v2.41\pic\dat\20230208172133_en.msgs \
  -cn -h+dist/default/production\mostafa.production.sym \
  --cmf=dist/default/production\mostafa.production.cmf -z -Q18F4620 \
  -oC:\Users\user\AppData\Local\Temp\xcAs1ep0.\driver_tmp_3.o \
  --defsym=__MPLAB_BUILD=1 --fixupoverflow=error \
  -Mdist/default/production/mostafa.production.map \
  --md=C:\Users\user\AppData\Local\Temp\xcAs1ep0.\driver_tmp_0.dat -E1 \
  -ver=XC8 Compiler --acfsm=1493 -ACODE=00h-0FFFFh -ACONST=00h-0FFFFh \
  -ASMALLCONST=01000h-010FFhx240 -AMEDIUMCONST=01000h-0FFFFh \
  -ACOMRAM=01h-07Fh -AABS1=00h-0F7Fh -ABIGRAM=01h-0F7Fh \
  -ARAM=080h-0FFh,0100h-01FFhx14,0F00h-0F7Fh -ABANK0=080h-0FFh \
  -ABANK1=0100h-01FFh -ABANK2=0200h-02FFh -ABANK3=0300h-03FFh \
  -ABANK4=0400h-04FFh -ABANK5=0500h-05FFh -ABANK6=0600h-06FFh \
  -ABANK7=0700h-07FFh -ABANK8=0800h-08FFh -ABANK9=0900h-09FFh \
  -ABANK10=0A00h-0AFFh -ABANK11=0B00h-0BFFh -ABANK12=0C00h-0CFFh \
  -ABANK13=0D00h-0DFFh -ABANK14=0E00h-0EFFh -ABANK15=0F00h-0F7Fh \
  -ASFR=0F80h-0FFFh -ABIGSFR=0F80h-0FFFh -ACONFIG=0300000h-030000Dh \
  -AIDLOC=0200000h-0200007h -AEEDATA=0F00000h-0F003FFh -peeprom_data=EEDATA \
  -preset_vec=00h,intcode=08h,intcodelo,powerup,init -pramtop=01000h \
  -psmallconst=SMALLCONST -pmediumconst=MEDIUMCONST -pconst=CONST \
  -AFARRAM=00h-00h \
  -prdata=COMRAM,nvrram=COMRAM,nvbit=COMRAM,rbss=COMRAM,rbit=COMRAM \
  -pfarbss=FARRAM,fardata=FARRAM,nvFARRAM=FARRAM \
  -pintsave_regs=BIGRAM,bigbss=BIGRAM,bigdata=BIGRAM -pbss=RAM \
  -pidata=CODE,irdata=CODE,ibigdata=CODE,ifardata=CODE -prparam=COMRAM \
  C:\Users\user\AppData\Local\Temp\xcAs1ep0.\driver_tmp_9.o \
  dist/default/production\mostafa.production.o 

Object code version is 3.11

Machine type is 18F4620



                Name                               Link     Load   Length Selector   Space Scale
C:\Users\user\AppData\Local\Temp\xcAs1ep0.\driver_tmp_9.o
                idloc                            200000   200000        8        0       5
                config                           300000   300000        E        0       4
                init                                  E        E        4        4       0
                reset_vec                             0        0        4        0       0
dist/default/production\mostafa.production.o
                intcode                               8        8        6        4       0
                idloc                            200000   200000        8        0       5
                config                           300000   300000        E        0       4
                temp                                 6A       6A        1        1       1
                smallconst                         1000     1000       16      800       0
                text46                             3036     3036        4     14CB       0
                text45                             2F88     2F88       2A     14CB       0
                text44                             2C8E     2C8E       76     14CB       0
                text43                             2686     2686       86      80B       0
                text42                             301C     301C        8     14CB       0
                text41                             2F2A     2F2A       30     14CB       0
                text40                             3032     3032        4     14CB       0
                text39                             2566     2566       92      80B       0
                text38                             2C12     2C12       7C     14CB       0
                text37                             2FF0     2FF0       12     14CB       0
                text36                             2EFA     2EFA       30     14CB       0
                text35                             2ECA     2ECA       30     14CB       0
                text34                             302E     302E        4     14CB       0
                text33                             2DBA     2DBA       3C     14CB       0
                text32                             2E9A     2E9A       30     14CB       0
                text31                             22A0     22A0      122      80B       0
                text30                             2B16     2B16       80     14CB       0
                text29                             2FDE     2FDE       12     14CB       0
                text28                             2A96     2A96       80     14CB       0
                text27                             2FCC     2FCC       12     14CB       0
                text26                             2892     2892       82      80B       0
                text25                             2810     2810       82      80B       0
                text24                             278E     278E       82      80B       0
                text23                             270C     270C       82      80B       0
                text22                             303A     303A        2     14CB       0
                text21                             2E2E     2E2E       38     14CB       0
                text20                             3014     3014        8     14CB       0
                text19                             2DF6     2DF6       38     14CB       0
                text18                             300C     300C        8     14CB       0
                text17                             2E66     2E66       34     14CB       0
                text16                             2F5A     2F5A       2E     14CB       0
                text15                             3024     3024        6     14CB       0
                text14                             302A     302A        4     14CB       0
                intcode_body                       14D8     14D8      416      80B       0
                text12                             2030     2030      144      80B       0
                text11                             2174     2174      12C      80B       0
                text10                             2D04     2D04       6C     14CB       0
                text9                              2B96     2B96       7C     14CB       0
                text8                              2A16     2A16       80     14CB       0
                text7                              2996     2996       80     14CB       0
                text6                              2D70     2D70       4A     14CB       0
                text5                              1016     1016      4C2      80B       0
                text4                              18EE     18EE      39A      80B       0
                text3                              23C2     23C2      108      80B       0
                text2                              1E7C     1E7C      1B4      80B       0
                text1                              1C88     1C88      1F4      80B       0
                text0                              24CA     24CA       9C      80B       0
                cstackCOMRAM                          1        1       46        1       1
                cstackBANK1                         19F      19F       15      100       1
                dataBANK1                           100      100       81      100       1
                bssBANK1                            181      181       1E      100       1
                dataBANK0                            E5       E5       1A       80       1
                bssBANK0                             80       80       65       80       1
                dataCOMRAM                           60       60        A        1       1
                bssCOMRAM                            47       47       19        1       1
                cinit                              25F8     25F8       8E      80B       0
                nvBANK0                              FF       FF        1       80       1
                idataBANK1                         2914     2914       81      80B       0
                idataBANK0                         2FB2     2FB2       1A     14CB       0
                idataCOMRAM                        3002     3002        A     14CB       0

TOTAL           Name                               Link     Load   Length     Space
        CLASS   CODE           
                intcode                               8        8        6         0
                init                                  E        E        4         0
                reset_vec                             0        0        4         0
                text46                             3036     3036        4         0
                text45                             2F88     2F88       2A         0
                text44                             2C8E     2C8E       76         0
                text43                             2686     2686       86         0
                text42                             301C     301C        8         0
                text41                             2F2A     2F2A       30         0
                text40                             3032     3032        4         0
                text39                             2566     2566       92         0
                text38                             2C12     2C12       7C         0
                text37                             2FF0     2FF0       12         0
                text36                             2EFA     2EFA       30         0
                text35                             2ECA     2ECA       30         0
                text34                             302E     302E        4         0
                text33                             2DBA     2DBA       3C         0
                text32                             2E9A     2E9A       30         0
                text31                             22A0     22A0      122         0
                text30                             2B16     2B16       80         0
                text29                             2FDE     2FDE       12         0
                text28                             2A96     2A96       80         0
                text27                             2FCC     2FCC       12         0
                text26                             2892     2892       82         0
                text25                             2810     2810       82         0
                text24                             278E     278E       82         0
                text23                             270C     270C       82         0
                text22                             303A     303A        2         0
                text21                             2E2E     2E2E       38         0
                text20                             3014     3014        8         0
                text19                             2DF6     2DF6       38         0
                text18                             300C     300C        8         0
                text17                             2E66     2E66       34         0
                text16                             2F5A     2F5A       2E         0
                text15                             3024     3024        6         0
                text14                             302A     302A        4         0
                intcode_body                       14D8     14D8      416         0
                text12                             2030     2030      144         0
                text11                             2174     2174      12C         0
                text10                             2D04     2D04       6C         0
                text9                              2B96     2B96       7C         0
                text8                              2A16     2A16       80         0
                text7                              2996     2996       80         0
                text6                              2D70     2D70       4A         0
                text5                              1016     1016      4C2         0
                text4                              18EE     18EE      39A         0
                text3                              23C2     23C2      108         0
                text2                              1E7C     1E7C      1B4         0
                text1                              1C88     1C88      1F4         0
                text0                              24CA     24CA       9C         0
                cinit                              25F8     25F8       8E         0
                idataBANK1                         2914     2914       81         0
                idataBANK0                         2FB2     2FB2       1A         0
                idataCOMRAM                        3002     3002        A         0

        CLASS   CONST          

        CLASS   SMALLCONST     
                smallconst                         1000     1000       16         0

        CLASS   MEDIUMCONST    

        CLASS   COMRAM         
                temp                                 6A       6A        1         1
                cstackCOMRAM                          1        1       46         1
                dataCOMRAM                           60       60        A         1
                bssCOMRAM                            47       47       19         1

        CLASS   ABS1           

        CLASS   BIGRAM         

        CLASS   RAM            

        CLASS   BANK0          
                dataBANK0                            E5       E5       1A         1
                bssBANK0                             80       80       65         1
                nvBANK0                              FF       FF        1         1

        CLASS   BANK1          
                cstackBANK1                         19F      19F       15         1
                dataBANK1                           100      100       81         1
                bssBANK1                            181      181       1E         1

        CLASS   BANK2          

        CLASS   BANK3          

        CLASS   BANK4          

        CLASS   BANK5          

        CLASS   BANK6          

        CLASS   BANK7          

        CLASS   BANK8          

        CLASS   BANK9          

        CLASS   BANK10         

        CLASS   BANK11         

        CLASS   BANK12         

        CLASS   BANK13         

        CLASS   BANK14         

        CLASS   BANK15         

        CLASS   SFR            

        CLASS   BIGSFR         

        CLASS   CONFIG         
                config                           300000   300000        E         4

        CLASS   IDLOC          
                idloc                            200000   200000        8         5

        CLASS   EEDATA         

        CLASS   FARRAM         

        CLASS   HEAP           

        CLASS   STACK          



SEGMENTS        Name                           Load    Length   Top    Selector   Space  Class

                reset_vec                      000000  000004  000004         0       0  CODE    
                cstackCOMRAM                   000001  00006A  00006B         1       1  COMRAM  
                intcode                        000008  00000A  000012         4       0  CODE    
                bssBANK0                       000080  000080  000100        80       1  BANK0   
                dataBANK1                      000100  0000B4  0001B4       100       1  BANK1   
                smallconst                     001000  000016  001016       800       0  SMALLCON
                text5                          001016  00197F  002995       80B       0  CODE    
                text7                          002996  0006A6  00303C      14CB       0  CODE    


UNUSED ADDRESS RANGES

        Name                Unused          Largest block    Delta
        BANK1            0001B4-0001FF               4C
        BANK10           000A00-000AFF              100
        BANK11           000B00-000BFF              100
        BANK12           000C00-000CFF              100
        BANK13           000D00-000DFF              100
        BANK14           000E00-000EFF              100
        BANK15           000F00-000F7F               80
        BANK2            000200-0002FF              100
        BANK3            000300-0003FF              100
        BANK4            000400-0004FF              100
        BANK5            000500-0005FF              100
        BANK6            000600-0006FF              100
        BANK7            000700-0007FF              100
        BANK8            000800-0008FF              100
        BANK9            000900-0009FF              100
        BIGRAM           00006B-00007F               15
                         0001B4-000F7F              DCC
        BIGSFR           000F80-000FFF               80
        CODE             000004-000007                4
                         000012-000FFF              FEE
                         002995-002995                1
                         00303C-00FFFF             CFC4
        COMRAM           00006B-00007F               15
        CONST            000004-000007                4
                         000012-000FFF              FEE
                         002995-002995                1
                         00303C-00FFFF             CFC4
        EEDATA           F00000-F003FF              400
        MEDIUMCONST      002995-002995                1
                         00303C-00FFFF             CFC4
        RAM              0001B4-000F7F              100
        SFR              000F80-000FFF               80
        SMALLCONST       002995-002995                1
                         00303C-00FFFF              100

                                  Symbol Table

?___fladd                                       cstackCOMRAM 00003D
?___fldiv                                       cstackCOMRAM 000024
?___fltol                                       cstackBANK1  0001A7
?___xxtofl                                      cstackCOMRAM 000016
CCP_Interrupt_Capture@CCP_interrupt_flag        bssCOMRAM    000047
MSSP_Interrupt_config@i2c_obj                   cstackCOMRAM 000016
RB4_ISR@RB_Source                               cstackCOMRAM 00000F
RB5_ISR@RB_Source                               cstackCOMRAM 00000F
RB6_ISR@RB_Source                               cstackCOMRAM 00000F
RB7_ISR@RB_Source                               cstackCOMRAM 00000F
Timer3_Write_Value@ret                          cstackCOMRAM 000005
Timer3_Write_Value@timer                        cstackCOMRAM 000001
Timer3_Write_Value@value                        cstackCOMRAM 000003
_ADCON0bits                                     (abs)        000FC2
_ADCON1bits                                     (abs)        000FC1
_ADCON2bits                                     (abs)        000FC0
_ADC_1                                          dataBANK1    000151
_ADC_ISR                                        text46       003036
_ADC_InterruptHandler                           bssBANK0     0000CE
_ADRESH                                         (abs)        000FC4
_ADRESL                                         (abs)        000FC3
_APP_ISR                                        text37       002FF0
_APP_RB4_High                                   text29       002FDE
_APP_RB4_Low                                    text27       002FCC
_BAUDCONbits                                    (abs)        000FB8
_CCP1CONbits                                    (abs)        000FBD
_CCP1_ISR                                       text41       002F2A
_CCP1_InterruptHandler                          bssBANK0     0000CC
_CCP2CONbits                                    (abs)        000FBA
_CCP2_ISR                                       text40       003032
_CCP2_InterruptHandler                          bssBANK0     0000CA
_CCPR1H                                         (abs)        000FBF
_CCPR1L                                         (abs)        000FBE
_CCPR2H                                         (abs)        000FBC
_CCPR2L                                         (abs)        000FBB
_CCP_Second_capture_flag                        bssCOMRAM    000049
_CHR_4_LCD                                      dataBANK1    000158
_Convert_1                                      bssBANK1     000193
_Convert_2                                      bssBANK1     00018D
_EEADR                                          (abs)        000FA9
_EEADRH                                         (abs)        000FAA
_EECON1bits                                     (abs)        000FA6
_EECON2                                         (abs)        000FA7
_EEDATA                                         (abs)        000FA8
_I2C_DefaultInterruptHandler                    bssBANK0     0000C2
_I2C_Report_Recive_OverFlow_InterruptHandler    bssBANK0     0000C0
_I2C_Report_Write_Collision_InterruptHandler    bssBANK0     0000C4
_INT0_ISR                                       text36       002EFA
_INT0_InterruptHandler                          bssBANK0     0000BE
_INT1_ISR                                       text35       002ECA
_INT1_InterruptHandler                          bssBANK0     0000BC
_INT2_InterruptHandler                          bssBANK0     0000BA
_INTCON2bits                                    (abs)        000FF1
_INTCON3bits                                    (abs)        000FF0
_INTCONbits                                     (abs)        000FF2
_LATA                                           (abs)        000F89
_LATB                                           (abs)        000F8A
_LATC                                           (abs)        000F8B
_LATD                                           (abs)        000F8C
_LATE                                           (abs)        000F8D
_LM35_celisis_1                                 bssCOMRAM    00004B
_LM35_celisis_2                                 bssCOMRAM    00004A
_MSSP_I2C_BUSC_ISR                              text34       00302E
_MSSP_I2C_DefaultInterruptHandler               text33       002DBA
_MSSP_I2C_ISR                                   text32       002E9A
_MSSP_Interrupt_config                          text6        002D70
_PIE1bits                                       (abs)        000F9D
_PIE2bits                                       (abs)        000FA0
_PIR1bits                                       (abs)        000F9E
_PIR2bits                                       (abs)        000FA1
_PORTA                                          (abs)        000F80
_PORTB                                          (abs)        000F81
_PORTBbits                                      (abs)        000F81
_PORTC                                          (abs)        000F82
_PORTD                                          (abs)        000F83
_PORTE                                          (abs)        000F84
_RB4_Flag                                       dataCOMRAM   000068
_RB4_ISR                                        text26       002892
_RB4_InterruptHandler_High                      bssBANK0     0000B8
_RB4_InterruptHandler_Low                       bssBANK0     0000B6
_RB5_Flag                                       dataCOMRAM   000067
_RB5_ISR                                        text25       002810
_RB5_InterruptHandler_High                      bssBANK0     0000B4
_RB5_InterruptHandler_Low                       bssBANK0     0000B2
_RB6_Flag                                       dataCOMRAM   000066
_RB6_ISR                                        text24       00278E
_RB6_InterruptHandler_High                      bssBANK0     0000B0
_RB6_InterruptHandler_Low                       bssBANK0     0000AE
_RB7_Flag                                       dataCOMRAM   000065
_RB7_ISR                                        text23       00270C
_RB7_InterruptHandler_High                      bssBANK0     0000AC
_RB7_InterruptHandler_Low                       bssBANK0     0000AA
_RCREG                                          (abs)        000FAE
_RCSTAbits                                      (abs)        000FAB
_Reslt_1                                        bssBANK0     000090
_Reslt_2                                        bssBANK0     00008E
_SPBRG                                          (abs)        000FAF
_SPBRGH                                         (abs)        000FB0
_SSPADD                                         (abs)        000FC8
_SSPBUF                                         (abs)        000FC9
_SSPCON1bits                                    (abs)        000FC6
_SSPCON2bits                                    (abs)        000FC5
_SSPSTATbits                                    (abs)        000FC7
_T0CONbits                                      (abs)        000FD5
_T1CONbits                                      (abs)        000FCD
_T2CONbits                                      (abs)        000FCA
_T3CONbits                                      (abs)        000FB1
_TM0_ISR                                        text21       002E2E
_TM0_InterruptHandler                           bssBANK0     0000A8
_TM1_ISR                                        text19       002DF6
_TM1_InterruptHandler                           bssBANK0     0000A4
_TM2_ISR                                        text17       002E66
_TM2_InterruptHandler                           bssBANK0     0000A0
_TM3_ISR                                        text16       002F5A
_TM3_InterruptHandler                           bssBANK0     00009C
_TMR0H                                          (abs)        000FD7
_TMR0L                                          (abs)        000FD6
_TMR1H                                          (abs)        000FCF
_TMR1L                                          (abs)        000FCE
_TMR2                                           (abs)        000FCC
_TMR3H                                          (abs)        000FB3
_TMR3L                                          (abs)        000FB2
_TRISA                                          (abs)        000F92
_TRISB                                          (abs)        000F93
_TRISC                                          (abs)        000F94
_TRISCbits                                      (abs)        000F94
_TRISD                                          (abs)        000F95
_TRISE                                          (abs)        000F96
_TXREG                                          (abs)        000FAD
_TXSTAbits                                      (abs)        000FAC
_Timer1_Default                                 text20       003014
_Timer3_Interrupt_capture                       text42       00301C
_Timer3_Interrupt_compare                       text43       002686
_Timer3_Write_Value                             text45       002F88
_USART_FRAMING_ERROR_InterruptHandler           bssBANK0     000094
_USART_OVERRUN_ERROR_InterruptHandler           bssBANK0     000092
_USART_RX_ISR                                   text15       003024
_USART_RX_InterruptHandler                      bssBANK0     000096
_USART_TX_ISR                                   text14       00302A
_USART_TX_InterruptHandler                      bssBANK0     000098
__HRAM                                          (abs)        000000
__H__absolute__                                 __absolute__ 000000
__Habs1                                         abs1         000000
__Hbank0                                        bank0        000000
__Hbank1                                        bank1        000000
__Hbank10                                       bank10       000000
__Hbank11                                       bank11       000000
__Hbank12                                       bank12       000000
__Hbank13                                       bank13       000000
__Hbank14                                       bank14       000000
__Hbank15                                       bank15       000000
__Hbank2                                        bank2        000000
__Hbank3                                        bank3        000000
__Hbank4                                        bank4        000000
__Hbank5                                        bank5        000000
__Hbank6                                        bank6        000000
__Hbank7                                        bank7        000000
__Hbank8                                        bank8        000000
__Hbank9                                        bank9        000000
__Hbigbss                                       bigbss       000000
__Hbigdata                                      bigdata      000000
__Hbigram                                       bigram       000000
__Hbigsfr                                       bigsfr       000000
__Hbss                                          bss          000000
__HbssBANK0                                     bssBANK0     000000
__HbssBANK1                                     bssBANK1     000000
__HbssCOMRAM                                    bssCOMRAM    000000
__Hcinit                                        cinit        000000
__Hclrtext                                      clrtext      000000
__Hcomram                                       comram       000000
__Hconfig                                       config       30000E
__Hconst                                        const        000000
__HcstackBANK1                                  cstackBANK1  000000
__HcstackCOMRAM                                 cstackCOMRAM 000000
__Hdata                                         data         000000
__HdataBANK0                                    dataBANK0    000000
__HdataBANK1                                    dataBANK1    000000
__HdataCOMRAM                                   dataCOMRAM   000000
__Heeprom_data                                  eeprom_data  000000
__Hfarbss                                       farbss       000000
__Hfardata                                      fardata      000000
__Hheap                                         heap         000000
__Hibigdata                                     ibigdata     000000
__Hidata                                        idata        000000
__HidataBANK0                                   idataBANK0   000000
__HidataBANK1                                   idataBANK1   000000
__HidataCOMRAM                                  idataCOMRAM  000000
__Hidloc                                        idloc        200008
__Hifardata                                     ifardata     000000
__Hinit                                         init         000012
__Hintcode                                      intcode      00000E
__Hintcode_body                                 intcode_body 000000
__Hintcodelo                                    intcodelo    00000E
__Hintentry                                     intentry     000000
__Hintret                                       intret       000000
__Hintsave_regs                                 intsave_regs 000000
__Hirdata                                       irdata       000000
__Hmediumconst                                  mediumconst  000000
__HnvBANK0                                      nvBANK0      000000
__HnvFARRAM                                     nvFARRAM     000000
__Hnvbit                                        nvbit        000000
__Hnvrram                                       nvrram       000000
__Hparam                                        rparam       000000
__Hpowerup                                      powerup      00000E
__Hram                                          ram          000000
__Hramtop                                       ramtop       001000
__Hrbit                                         rbit         000000
__Hrbss                                         rbss         000000
__Hrdata                                        rdata        000000
__Hreset_vec                                    reset_vec    000004
__Hrparam                                       rparam       000000
__Hsfr                                          sfr          000000
__Hsmallconst                                   smallconst   001016
__Hspace_0                                      (abs)        00303C
__Hspace_1                                      (abs)        0001B4
__Hspace_2                                      (abs)        000000
__Hspace_4                                      (abs)        60000E
__Hstack                                        stack        000000
__Hstruct                                       struct       000000
__Htemp                                         temp         00006B
__Htext                                         text         000000
__Htext0                                        text0        000000
__Htext1                                        text1        000000
__Htext10                                       text10       000000
__Htext11                                       text11       000000
__Htext12                                       text12       000000
__Htext14                                       text14       000000
__Htext15                                       text15       000000
__Htext16                                       text16       000000
__Htext17                                       text17       000000
__Htext18                                       text18       000000
__Htext19                                       text19       000000
__Htext2                                        text2        000000
__Htext20                                       text20       000000
__Htext21                                       text21       000000
__Htext22                                       text22       000000
__Htext23                                       text23       000000
__Htext24                                       text24       000000
__Htext25                                       text25       000000
__Htext26                                       text26       000000
__Htext27                                       text27       000000
__Htext28                                       text28       000000
__Htext29                                       text29       000000
__Htext3                                        text3        000000
__Htext30                                       text30       000000
__Htext31                                       text31       000000
__Htext32                                       text32       000000
__Htext33                                       text33       000000
__Htext34                                       text34       000000
__Htext35                                       text35       000000
__Htext36                                       text36       000000
__Htext37                                       text37       000000
__Htext38                                       text38       000000
__Htext39                                       text39       000000
__Htext4                                        text4        000000
__Htext40                                       text40       000000
__Htext41                                       text41       000000
__Htext42                                       text42       000000
__Htext43                                       text43       000000
__Htext44                                       text44       000000
__Htext45                                       text45       000000
__Htext46                                       text46       000000
__Htext47                                       text47       000000
__Htext5                                        text5        000000
__Htext6                                        text6        000000
__Htext7                                        text7        000000
__Htext8                                        text8        000000
__Htext9                                        text9        000000
__LRAM                                          (abs)        000001
__L__absolute__                                 __absolute__ 000000
__Labs1                                         abs1         000000
__Lbank0                                        bank0        000000
__Lbank1                                        bank1        000000
__Lbank10                                       bank10       000000
__Lbank11                                       bank11       000000
__Lbank12                                       bank12       000000
__Lbank13                                       bank13       000000
__Lbank14                                       bank14       000000
__Lbank15                                       bank15       000000
__Lbank2                                        bank2        000000
__Lbank3                                        bank3        000000
__Lbank4                                        bank4        000000
__Lbank5                                        bank5        000000
__Lbank6                                        bank6        000000
__Lbank7                                        bank7        000000
__Lbank8                                        bank8        000000
__Lbank9                                        bank9        000000
__Lbigbss                                       bigbss       000000
__Lbigdata                                      bigdata      000000
__Lbigram                                       bigram       000000
__Lbigsfr                                       bigsfr       000000
__Lbss                                          bss          000000
__LbssBANK0                                     bssBANK0     000000
__LbssBANK1                                     bssBANK1     000000
__LbssCOMRAM                                    bssCOMRAM    000000
__Lcinit                                        cinit        000000
__Lclrtext                                      clrtext      000000
__Lcomram                                       comram       000000
__Lconfig                                       config       000000
__Lconst                                        const        000000
__LcstackBANK1                                  cstackBANK1  000000
__LcstackCOMRAM                                 cstackCOMRAM 000000
__Ldata                                         data         000000
__LdataBANK0                                    dataBANK0    000000
__LdataBANK1                                    dataBANK1    000000
__LdataCOMRAM                                   dataCOMRAM   000000
__Leeprom_data                                  eeprom_data  000000
__Lfarbss                                       farbss       000000
__Lfardata                                      fardata      000000
__Lheap                                         heap         000000
__Libigdata                                     ibigdata     000000
__Lidata                                        idata        000000
__LidataBANK0                                   idataBANK0   000000
__LidataBANK1                                   idataBANK1   000000
__LidataCOMRAM                                  idataCOMRAM  000000
__Lidloc                                        idloc        000000
__Lifardata                                     ifardata     000000
__Linit                                         init         00000E
__Lintcode                                      intcode      000008
__Lintcode_body                                 intcode_body 000000
__Lintcodelo                                    intcodelo    00000E
__Lintentry                                     intentry     000000
__Lintret                                       intret       000000
__Lintsave_regs                                 intsave_regs 000000
__Lirdata                                       irdata       000000
__Lmediumconst                                  mediumconst  000000
__LnvBANK0                                      nvBANK0      000000
__LnvFARRAM                                     nvFARRAM     000000
__Lnvbit                                        nvbit        000000
__Lnvrram                                       nvrram       000000
__Lparam                                        rparam       000000
__Lpowerup                                      powerup      00000E
__Lram                                          ram          000000
__Lramtop                                       ramtop       001000
__Lrbit                                         rbit         000000
__Lrbss                                         rbss         000000
__Lrdata                                        rdata        000000
__Lreset_vec                                    reset_vec    000000
__Lrparam                                       rparam       000000
__Lsfr                                          sfr          000000
__Lsmallconst                                   smallconst   001000
__Lspace_0                                      (abs)        000000
__Lspace_1                                      (abs)        000000
__Lspace_2                                      (abs)        000000
__Lspace_4                                      (abs)        000000
__Lstack                                        stack        000000
__Lstruct                                       struct       000000
__Ltemp                                         temp         00006A
__Ltext                                         text         000000
__Ltext0                                        text0        000000
__Ltext1                                        text1        000000
__Ltext10                                       text10       000000
__Ltext11                                       text11       000000
__Ltext12                                       text12       000000
__Ltext14                                       text14       000000
__Ltext15                                       text15       000000
__Ltext16                                       text16       000000
__Ltext17                                       text17       000000
__Ltext18                                       text18       000000
__Ltext19                                       text19       000000
__Ltext2                                        text2        000000
__Ltext20                                       text20       000000
__Ltext21                                       text21       000000
__Ltext22                                       text22       000000
__Ltext23                                       text23       000000
__Ltext24                                       text24       000000
__Ltext25                                       text25       000000
__Ltext26                                       text26       000000
__Ltext27                                       text27       000000
__Ltext28                                       text28       000000
__Ltext29                                       text29       000000
__Ltext3                                        text3        000000
__Ltext30                                       text30       000000
__Ltext31                                       text31       000000
__Ltext32                                       text32       000000
__Ltext33                                       text33       000000
__Ltext34                                       text34       000000
__Ltext35                                       text35       000000
__Ltext36                                       text36       000000
__Ltext37                                       text37       000000
__Ltext38                                       text38       000000
__Ltext39                                       text39       000000
__Ltext4                                        text4        000000
__Ltext40                                       text40       000000
__Ltext41                                       text41       000000
__Ltext42                                       text42       000000
__Ltext43                                       text43       000000
__Ltext44                                       text44       000000
__Ltext45                                       text45       000000
__Ltext46                                       text46       000000
__Ltext47                                       text47       000000
__Ltext5                                        text5        000000
__Ltext6                                        text6        000000
__Ltext7                                        text7        000000
__Ltext8                                        text8        000000
__Ltext9                                        text9        000000
__S0                                            (abs)        00303C
__S1                                            (abs)        0001B4
__S4                                            (abs)        000000
__S5                                            (abs)        000000
___fladd                                        text5        001016
___fladd@a                                      cstackCOMRAM 000041
___fladd@aexp                                   cstackBANK1  0001A4
___fladd@b                                      cstackCOMRAM 00003D
___fladd@bexp                                   cstackBANK1  0001A5
___fladd@grs                                    cstackBANK1  0001A6
___fladd@signs                                  cstackBANK1  0001A3
___fldiv                                        text4        0018EE
___fldiv@a                                      cstackCOMRAM 000028
___fldiv@aexp                                   cstackCOMRAM 00003C
___fldiv@b                                      cstackCOMRAM 000024
___fldiv@bexp                                   cstackCOMRAM 00003B
___fldiv@grs                                    cstackCOMRAM 000037
___fldiv@new_exp                                cstackCOMRAM 000035
___fldiv@rem                                    cstackCOMRAM 000030
___fldiv@sign                                   cstackCOMRAM 000034
___fltol                                        text3        0023C2
___fltol@exp1                                   cstackCOMRAM 000046
___fltol@f1                                     cstackBANK1  0001A7
___fltol@sign1                                  cstackCOMRAM 000045
___heap_hi                                      (abs)        000000
___heap_lo                                      (abs)        000000
___inthi_sp                                     stack        000000
___intlo_sp                                     stack        000000
___param_bank                                   (abs)        000000
___rparam_used                                  (abs)        000001
___sp                                           stack        000000
___xxtofl                                       text2        001E7C
___xxtofl@arg                                   cstackCOMRAM 000020
___xxtofl@exp                                   cstackCOMRAM 00001F
___xxtofl@sign                                  cstackCOMRAM 00001E
___xxtofl@val                                   cstackCOMRAM 000016
__accesstop                                     (abs)        000080
__activetblptr                                  (abs)        000003
__end_of_ADC_ISR                                text46       00303A
__end_of_APP_ISR                                text37       003002
__end_of_APP_RB4_High                           text29       002FF0
__end_of_APP_RB4_Low                            text27       002FDE
__end_of_CCP1_ISR                               text41       002F5A
__end_of_CCP2_ISR                               text40       003036
__end_of_INT0_ISR                               text36       002F2A
__end_of_INT1_ISR                               text35       002EFA
__end_of_MSSP_I2C_BUSC_ISR                      text34       003032
__end_of_MSSP_I2C_DefaultInterruptHandler       text33       002DF6
__end_of_MSSP_I2C_ISR                           text32       002ECA
__end_of_MSSP_Interrupt_config                  text6        002DBA
__end_of_RB4_ISR                                text26       002914
__end_of_RB5_ISR                                text25       002892
__end_of_RB6_ISR                                text24       002810
__end_of_RB7_ISR                                text23       00278E
__end_of_TM0_ISR                                text21       002E66
__end_of_TM1_ISR                                text19       002E2E
__end_of_TM2_ISR                                text17       002E9A
__end_of_TM3_ISR                                text16       002F88
__end_of_Timer1_Default                         text20       00301C
__end_of_Timer3_Interrupt_capture               text42       003024
__end_of_Timer3_Interrupt_compare               text43       00270C
__end_of_Timer3_Write_Value                     text45       002FB2
__end_of_USART_RX_ISR                           text15       00302A
__end_of_USART_TX_ISR                           text14       00302E
__end_of___fladd                                text5        0014D8
__end_of___fldiv                                text4        001C88
__end_of___fltol                                text3        0024CA
__end_of___xxtofl                               text2        002030
__end_of__initialization                        cinit        00267C
__end_of_btn_value                              smallconst   001011
__end_of_ccp_compare_mode_write_value           text44       002D04
__end_of_gpio_pin_direction_intialize           text12       002174
__end_of_gpio_pin_intialize                     text10       002D70
__end_of_gpio_pin_toggle_logic                  text39       0025F8
__end_of_gpio_pin_write_logic                   text11       0022A0
__end_of_interruptManger                        intcode_body 0018EE
__end_of_led_intialize                          text9        002C12
__end_of_led_toggle                             text38       002C8E
__end_of_led_turn_off                           text8        002A96
__end_of_led_turn_on                            text7        002A16
__end_of_main                                   text0        002566
__end_of_mssp_i2c_Init                          text1        001E7C
__end_of_timer2_ISR                             text18       003014
__end_of_timer_ISR                              text22       00303C
__end_ofi2_gpio_pin_write_logic                 text31       0023C2
__end_ofi2_led_turn_off                         text28       002B16
__end_ofi2_led_turn_on                          text30       002B96
__initialization                                cinit        0025F8
__mediumconst                                   mediumconst  000000
__pbssBANK0                                     bssBANK0     000080
__pbssBANK1                                     bssBANK1     000181
__pbssCOMRAM                                    bssCOMRAM    000047
__pcinit                                        cinit        0025F8
__pcstackBANK1                                  cstackBANK1  00019F
__pcstackCOMRAM                                 cstackCOMRAM 000001
__pdataBANK0                                    dataBANK0    0000E5
__pdataBANK1                                    dataBANK1    000100
__pdataCOMRAM                                   dataCOMRAM   000060
__pidataBANK0                                   idataBANK0   002FB2
__pidataBANK1                                   idataBANK1   002914
__pidataCOMRAM                                  idataCOMRAM  003002
__pintcode                                      intcode      000008
__pintcode_body                                 intcode_body 0014D8
__pnvBANK0                                      nvBANK0      0000FF
__psmallconst                                   smallconst   001000
__ptext0                                        text0        0024CA
__ptext1                                        text1        001C88
__ptext10                                       text10       002D04
__ptext11                                       text11       002174
__ptext12                                       text12       002030
__ptext14                                       text14       00302A
__ptext15                                       text15       003024
__ptext16                                       text16       002F5A
__ptext17                                       text17       002E66
__ptext18                                       text18       00300C
__ptext19                                       text19       002DF6
__ptext2                                        text2        001E7C
__ptext20                                       text20       003014
__ptext21                                       text21       002E2E
__ptext22                                       text22       00303A
__ptext23                                       text23       00270C
__ptext24                                       text24       00278E
__ptext25                                       text25       002810
__ptext26                                       text26       002892
__ptext27                                       text27       002FCC
__ptext28                                       text28       002A96
__ptext29                                       text29       002FDE
__ptext3                                        text3        0023C2
__ptext30                                       text30       002B16
__ptext31                                       text31       0022A0
__ptext32                                       text32       002E9A
__ptext33                                       text33       002DBA
__ptext34                                       text34       00302E
__ptext35                                       text35       002ECA
__ptext36                                       text36       002EFA
__ptext37                                       text37       002FF0
__ptext38                                       text38       002C12
__ptext39                                       text39       002566
__ptext4                                        text4        0018EE
__ptext40                                       text40       003032
__ptext41                                       text41       002F2A
__ptext42                                       text42       00301C
__ptext43                                       text43       002686
__ptext44                                       text44       002C8E
__ptext45                                       text45       002F88
__ptext46                                       text46       003036
__ptext47                                       text47       000000
__ptext5                                        text5        001016
__ptext6                                        text6        002D70
__ptext7                                        text7        002996
__ptext8                                        text8        002A16
__ptext9                                        text9        002B96
__ramtop                                        ramtop       001000
__smallconst                                    smallconst   001000
_btn_high                                       dataBANK0    0000F7
_btn_low                                        dataBANK0    0000F4
_btn_value                                      smallconst   001001
_ccp1_preload                                   bssBANK0     0000C8
_ccp_callback                                   bssCOMRAM    000048
_ccp_compare                                    dataBANK1    00016A
_ccp_compare_mode_write_value                   text44       002C8E
_ccp_obj_capture                                dataBANK1    000110
_count                                          bssCOMRAM    00004D
_counter_obj                                    bssBANK1     000187
_dc_motor_1                                     dataBANK0    0000FC
_dc_motor_2                                     dataBANK0    0000FA
_freq_capture                                   bssBANK0     000080
_gpio_pin_direction_intialize                   text12       002030
_gpio_pin_intialize                             text10       002D04
_gpio_pin_toggle_logic                          text39       002566
_gpio_pin_write_logic                           text11       002174
_hour                                           dataCOMRAM   000062
_i2c_obj                                        bssBANK0     0000D0
_intRB_0                                        dataBANK1    00015E
_interruptManger                                intcode      000008
_intx_0                                         dataBANK1    000164
_keypad1                                        dataBANK1    000149
_lat_register                                   dataBANK0    0000E5
_lcd1                                           dataBANK1    00011B
_led_1                                          dataCOMRAM   000069
_led_2                                          dataCOMRAM   000060
_led_intialize                                  text9        002B96
_led_toggle                                     text38       002C12
_led_turn_off                                   text8        002A16
_led_turn_on                                    text7        002996
_m                                              dataCOMRAM   000064
_main                                           text0        0024CA
_minutes                                        dataCOMRAM   000063
_mssp_i2c_Init                                  text1        001C88
_port_register                                  dataBANK1    000125
_relay_1                                        dataBANK0    0000FE
_ret                                            nvBANK0      0000FF
_second                                         dataCOMRAM   000061
_second_capture                                 bssBANK0     000084
_seg_1                                          dataBANK0    0000EF
_slave2_ack                                     bssCOMRAM    000050
_slave_rec_data                                 bssCOMRAM    00004F
_timer0                                         dataBANK1    000141
_timer0_counter                                 dataBANK1    000139
_timer0_preload                                 bssBANK0     0000A6
_timer0_value                                   bssBANK0     00008C
_timer1_counter                                 bssBANK0     000086
_timer1_on                                      bssBANK0     00008A
_timer1_preload                                 bssBANK0     0000A2
_timer2                                         bssBANK0     0000DD
_timer2_ISR                                     text18       00300C
_timer2_obj                                     bssBANK1     000181
_timer2_on                                      bssBANK0     000088
_timer2_preload                                 bssBANK0     00009E
_timer3_compare                                 dataBANK1    000175
_timer3_overflow                                bssBANK0     000082
_timer3_preload                                 bssBANK0     00009A
_timer_ISR                                      text22       00303A
_timer_obj_capture                              dataBANK1    00017B
_total_period_Micro_capture                     bssBANK0     0000E3
_tris_register                                  dataBANK1    00012F
_usart_obj_1                                    dataBANK1    000100
_value_column                                   bssCOMRAM    00004C
_x                                              bssCOMRAM    00004E
btemp                                           temp         00006A
ccp_compare_mode_write_value@F3067              bssBANK0     0000C6
ccp_compare_mode_write_value@capture_temp_value cstackCOMRAM 000007
ccp_compare_mode_write_value@ccp                cstackCOMRAM 000001
ccp_compare_mode_write_value@compare_value      cstackCOMRAM 000003
ccp_compare_mode_write_value@ret                cstackCOMRAM 000006
dc_motor_intialize@F3015                        bssCOMRAM    00005F
dc_motor_intialize@F3017                        bssCOMRAM    00005E
dc_motor_stop@F3036                             bssCOMRAM    000059
dc_motor_stop@F3038                             bssCOMRAM    000058
dc_motor_turn_left@F3029                        bssCOMRAM    00005B
dc_motor_turn_left@F3031                        bssCOMRAM    00005A
dc_motor_turn_right@F3022                       bssCOMRAM    00005D
dc_motor_turn_right@F3024                       bssCOMRAM    00005C
end_of_initialization                           cinit        00267C
gpio_pin_direction_intialize@pin_config         cstackCOMRAM 000016
gpio_pin_direction_intialize@ret                cstackCOMRAM 00001E
gpio_pin_intialize@pin_config                   cstackCOMRAM 000020
gpio_pin_intialize@ret                          cstackCOMRAM 000023
gpio_pin_toggle_logic@pin_config                cstackCOMRAM 000001
gpio_pin_write_logic@logic                      cstackCOMRAM 000018
gpio_pin_write_logic@pin_config                 cstackCOMRAM 000016
gpio_pin_write_logic@ret                        cstackCOMRAM 00001F
i2_gpio_pin_write_logic                         text31       0022A0
i2_led_turn_off                                 text28       002A96
i2_led_turn_on                                  text30       002B16
i2gpio_pin_write_logic@logic                    cstackCOMRAM 000003
i2gpio_pin_write_logic@pin_config               cstackCOMRAM 000001
i2led_turn_off@config                           cstackCOMRAM 00000E
i2led_turn_off@led                              cstackCOMRAM 00000A
i2led_turn_off@ret                              cstackCOMRAM 00000D
i2led_turn_on@config                            cstackCOMRAM 00000E
i2led_turn_on@led                               cstackCOMRAM 00000A
i2led_turn_on@ret                               cstackCOMRAM 00000D
int$flags                                       temp         00006A
int_func                                        intcode_body 0014D8
intlevel0                                       text         000000
intlevel1                                       text         000000
intlevel2                                       text         000000
intlevel3                                       text         000000
isa$std                                         (abs)        000001
isa$xinst                                       (abs)        000000
led_intialize@F3016                             bssCOMRAM    000057
led_intialize@config                            cstackCOMRAM 000028
led_intialize@led                               cstackCOMRAM 000024
led_intialize@ret                               cstackCOMRAM 000027
led_toggle@F3031                                bssCOMRAM    000054
led_toggle@config                               cstackCOMRAM 00000C
led_toggle@led                                  cstackCOMRAM 000008
led_toggle@ret                                  cstackCOMRAM 00000B
led_turn_off@F3026                              bssCOMRAM    000055
led_turn_off@config                             cstackCOMRAM 000024
led_turn_off@led                                cstackCOMRAM 000020
led_turn_off@ret                                cstackCOMRAM 000023
led_turn_on@F3021                               bssCOMRAM    000056
led_turn_on@config                              cstackCOMRAM 000024
led_turn_on@led                                 cstackCOMRAM 000020
led_turn_on@ret                                 cstackCOMRAM 000023
mssp_i2c_Init@i2c_obj                           cstackBANK1  0001AF
mssp_i2c_Init@ret                               cstackBANK1  0001B3
relay_intialize@F3010                           bssCOMRAM    000053
relay_turn_off@F3020                            bssCOMRAM    000051
relay_turn_on@F3015                             bssCOMRAM    000052
stackhi                                         (abs)        000000
stacklo                                         (abs)        000000
start                                           init         00000E
start_initialization                            cinit        0025F8
ttemp5                                          temp         00006B
ttemp6                                          temp         00006E
ttemp7                                          temp         000072
wtemp8                                          temp         00006B


MODULE INFORMATION

Module		Function		Class		Link	Load	Size
MCAL_layer/Interrupt/mcal_interrupt_manager.c
		_interruptManger		CODE           	0008	0000	1052

MCAL_layer/Interrupt/mcal_interrupt_manager.c estimated size: 1052

MCAL_layer/Interrupt/mcal_external_interrupt.c
		_RB4_ISR       		CODE           	2892	0000	130
		_RB5_ISR       		CODE           	2810	0000	130
		_RB6_ISR       		CODE           	278E	0000	130
		_RB7_ISR       		CODE           	270C	0000	130
		_INT0_ISR      		CODE           	2EFA	0000	48
		_INT1_ISR      		CODE           	2ECA	0000	48

MCAL_layer/Interrupt/mcal_external_interrupt.c estimated size: 616

MCAL_layer/GPIO/hal_gpio.c
		_gpio_pin_write_logic		CODE           	2174	0000	300
		_gpio_pin_intialize		CODE           	2D04	0000	108
		_gpio_pin_direction_intialize		CODE           	2030	0000	324
		_gpio_pin_toggle_logic		CODE           	2566	0000	146

MCAL_layer/GPIO/hal_gpio.c estimated size: 878

C:\Program Files\Microchip\xc8\v2.41\pic\sources\c99\common\fltol.c
		___fltol       		CODE           	23C2	0000	264

C:\Program Files\Microchip\xc8\v2.41\pic\sources\c99\common\fltol.c estimated size: 264

C:\Program Files\Microchip\xc8\v2.41\pic\sources\c99\common\xxtofl.c
		___xxtofl      		CODE           	1E7C	0000	436

C:\Program Files\Microchip\xc8\v2.41\pic\sources\c99\common\xxtofl.c estimated size: 436

MCAL_layer/CCP1/hal_ccp1.c
		_ccp_compare_mode_write_value		CODE           	2C8E	0000	118
		_CCP1_ISR      		CODE           	2F2A	0000	48
		_CCP2_ISR      		CODE           	3032	0000	4

MCAL_layer/CCP1/hal_ccp1.c estimated size: 170

C:\Program Files\Microchip\xc8\v2.41\pic\sources\c99\common\sprcadd.c
		___fladd       		CODE           	1016	0000	1218

C:\Program Files\Microchip\xc8\v2.41\pic\sources\c99\common\sprcadd.c estimated size: 1218

MCAL_layer/I2C/hal_i2c.c
		_MSSP_I2C_ISR  		CODE           	2E9A	0000	48
		_MSSP_Interrupt_config		CODE           	2D70	0000	74
		_mssp_i2c_Init 		CODE           	1C88	0000	500
		_MSSP_I2C_BUSC_ISR		CODE           	302E	0000	4

MCAL_layer/I2C/hal_i2c.c estimated size: 626

MCAL_layer/Timer3/hal_timer3.c
		_TM3_ISR       		CODE           	2F5A	0000	46
		_Timer3_Write_Value		CODE           	2F88	0000	42

MCAL_layer/Timer3/hal_timer3.c estimated size: 88

MCAL_layer/Timer2/hal_timer2.c
		_TM2_ISR       		CODE           	2E66	0000	52

MCAL_layer/Timer2/hal_timer2.c estimated size: 52

MCAL_layer/ADC/hal_adc.c
		_ADC_ISR       		CODE           	3036	0000	4

MCAL_layer/ADC/hal_adc.c estimated size: 4

shared
		_btn_value     		SMALLCONST     	1001	0000	16
		__initialization		CODE           	25F8	0000	132
		i2_gpio_pin_write_logic		CODE           	22A0	0000	290
		i2_led_turn_on 		CODE           	2B16	0000	128
		i2_led_turn_off		CODE           	2A96	0000	128

shared estimated size: 694

ECU_layer/LED/ecu_led.c
		_led_turn_on   		CODE           	2996	0000	128
		_led_turn_off  		CODE           	2A16	0000	128
		_led_intialize 		CODE           	2B96	0000	124
		_led_toggle    		CODE           	2C12	0000	124

ECU_layer/LED/ecu_led.c estimated size: 504

Embe_Initialization.c
		_timer2_ISR    		CODE           	300C	0000	8
		_timer_ISR     		CODE           	303A	0000	2
		_APP_ISR       		CODE           	2FF0	0000	18
		_Timer3_Interrupt_compare		CODE           	2686	0000	134
		_APP_RB4_Low   		CODE           	2FCC	0000	18
		_Timer1_Default		CODE           	3014	0000	8
		_APP_RB4_High  		CODE           	2FDE	0000	18
		_Timer3_Interrupt_capture		CODE           	301C	0000	8

Embe_Initialization.c estimated size: 214

MCAL_layer/Timer1/hal_timer1.c
		_TM1_ISR       		CODE           	2DF6	0000	56

MCAL_layer/Timer1/hal_timer1.c estimated size: 56

MCAL_layer/Timer0/hal_timer0.c
		_TM0_ISR       		CODE           	2E2E	0000	56

MCAL_layer/Timer0/hal_timer0.c estimated size: 56

MCAL_layer/USART/hal_usart.c
		_USART_RX_ISR  		CODE           	3024	0000	6
		_USART_TX_ISR  		CODE           	302A	0000	4

MCAL_layer/USART/hal_usart.c estimated size: 10

Embe.c
		_main          		CODE           	24CA	0000	156
		_MSSP_I2C_DefaultInterruptHandler		CODE           	2DBA	0000	60

Embe.c estimated size: 216

C:\Program Files\Microchip\xc8\v2.41\pic\sources\c99\common\sprcdiv.c
		___fldiv       		CODE           	18EE	0000	922

C:\Program Files\Microchip\xc8\v2.41\pic\sources\c99\common\sprcdiv.c estimated size: 922

